HI-TECH Software C Compiler 

Linker command line:

--edf=E:\Program Files\HI-TECH Software\PICC\PRO\9.60\dat\en_msgs.txt -cs \
  -h+TestProject.sym -z -Q16F886 -ol.obj -MTestProject.map -E1 \
  -ACODE=00h-07FFhx4 -ACONST=00h-0FFhx32 -AENTRY=00h-0FFhx32 \
  -ASTRING=00h-0FFhx32 -ARAM=020h-06Fh,0A0h-0EFh,0110h-016Fh,0190h-01EFh \
  -AABS1=020h-07Fh,0A0h-0EFh,0110h-016Fh,0190h-01EFh -ABANK0=020h-07Fh \
  -ABANK1=0A0h-0EFh -ABANK2=0110h-016Fh -ABANK3=0190h-01EFh \
  -ACOMMON=070h-07Fh \
  -preset_vec=00h,intentry=04h,intcode,intret,init,init23,end_init,clrtext,maintext,pstrings \
  -pstrings=CODE -ppowerup=CODE -ptemp=-COMMON -pcommon=-COMMON \
  -prbss_0=BANK0,rbit_0=BANK0,rdata_0=BANK0,idata_0=CODE -pnvram=BANK0 \
  -prbss_1=BANK1,rbit_1=BANK1,rdata_1=BANK1,idata_1=CODE \
  -pnvram_1=BANK1,nvbit_1=BANK1 \
  -prbss_2=BANK2,rbit_2=BANK2,rdata_2=BANK2,idata_2=CODE \
  -pnvram_2=BANK2,nvbit_2=BANK2 \
  -prbss_3=BANK3,rbit_3=BANK3,rdata_3=BANK3,idata_3=CODE \
  -pnvram_3=BANK3,nvbit_3=BANK3 -pidata=CODE -pfnautoc=COMMON \
  -pfnauto0=BANK0 -pfnauto1=BANK1 -pfnauto2=BANK2 -pfnauto3=BANK3 \
  -ACONFIG=02007h-02008h -pconfig=CONFIG -DCONFIG=2 -AIDLOC=02000h-02003h \
  -pidloc=IDLOC -DIDLOC=2 -AEEDATA=00h-0FFh/02100h -peeprom_data=EEDATA \
  -DEEDATA=2 -pfloat_text0=CODE,float_text1=CODE,float_text2=CODE \
  -pfloat_text3=CODE,float_text4=CODE -DCODE=2 \
  E:\Users\Jayamma\AppData\Local\Temp\s32g.obj TestProject.obj 

Object code version is 3.10

Machine type is 16F886

Call graph: (short form)


                Name          Link     Load   Length Selector Space Scale
E:\Users\Jayamma\AppData\Local\Temp\s32g.obj
                clrtext         27       27        8       8     0
                end_init        23       23        4       8     0
                init            12       12       11       8     0
                reset_vec        0        0        3       0     0
TestProject.obj intentry         4        4        E       8     0
                strings        200      200       21       4     0
                maintext        2F       2F      1C9       8     0
                config        2007     2007        2    400E     0
                text177        4C6      4C6        7       4     0
                text178        4B8      4B8        7       4     0
                text179        4BF      4BF        7       4     0
                text174        408      408       27       4     0
                text175        42F      42F       26       4     0
                text176        4D1      4D1        2       4     0
                text180        4CD      4CD        4       4     0
                intrtext       490      490       1A       4     0
                text173        33D      33D       38       4     0
                text163        3DE      3DE       2A       4     0
                text164        2C1      2C1       42       4     0
                text165        3AA      3AA       34       4     0
                text166        455      455       1E       4     0
                text170        4AA      4AA        E       4     0
                text171        375      375       35       4     0
                text172        277      277       4A       4     0
                text167        473      473       1D       4     0
                text168        303      303       3A       4     0
                text169        221      221       56       4     0

COMMON          fnauto0         5F       5F        D      5F     1

TOTAL           Name          Link     Load   Length  Space
        CLASS   CODE           
                intentry         4        4        E     0
                clrtext         27       27        8     0
                strings        200      200       21     0
                end_init        23       23        4     0
                init            12       12       11     0
                maintext        2F       2F      1C9     0
                reset_vec        0        0        3     0
                text177        4C6      4C6        7     0
                text178        4B8      4B8        7     0
                text179        4BF      4BF        7     0
                text174        408      408       27     0
                text175        42F      42F       26     0
                text176        4D1      4D1        2     0
                text180        4CD      4CD        4     0
                intrtext       490      490       1A     0
                text173        33D      33D       38     0
                text163        3DE      3DE       2A     0
                text164        2C1      2C1       42     0
                text165        3AA      3AA       34     0
                text166        455      455       1E     0
                text170        4AA      4AA        E     0
                text171        375      375       35     0
                text172        277      277       4A     0
                text167        473      473       1D     0
                text168        303      303       3A     0
                text169        221      221       56     0

        CLASS   CONST          

        CLASS   ENTRY          

        CLASS   STRING         

        CLASS   RAM            

        CLASS   ABS1           
                abs_s1          45       45       1A     1
                abs_s1          71       71        F     1

        CLASS   BANK0          
                fnauto0         5F       5F        D     1

        CLASS   BANK1          

        CLASS   BANK2          

        CLASS   BANK3          

        CLASS   COMMON         

        CLASS   CONFIG         
                config        2007     2007        2     0

        CLASS   IDLOC          

        CLASS   EEDATA         



SEGMENTS        Name           Load    Length   Top     Selector    Space Class Delta

                reset_vec       000000  000003  000003         0       0  CODE        2
                intentry        000004  0001F4  0001F8         8       0  CODE        2
                fnauto0         00005F  00000D  00006C        5F       1  BANK0       1
                strings         000200  0002D3  0004D3         4       0  CODE        2
                config          002007  000002  002009      400E       0  CONFIG      2


UNUSED ADDRESS RANGES

        BANK0            0020-0044     1
                         006C-0070
        BANK1            00A0-00EF     1
        BANK2            0110-016F     1
        BANK3            0190-01EF     1
        CODE             0003-0003     2
                         01F8-01FF
                         04D3-1FFF
        COMMON           0070-0070     1
        CONST            0006-0007     1
                         03F0-03FF
                         09A6-1FFF
        EEDATA           2100-21FF     2
        ENTRY            0006-0007     1
                         03F0-03FF
                         09A6-1FFF
        IDLOC            2000-2003     2
        STRING           0006-0007     1
                         03F0-03FF
                         09A6-1FFF

                                  Symbol Table

??_GetTimer_State          fnauto0     005F
??_Lcd8_Cmd                fnauto0     0061
??_Lcd8_Init               fnauto0     005F
??_Lcd8_Port               fnauto0     0065
??_Lcd8_Set_Cursor         fnauto0     0060
??_Lcd8_Write_Char         fnauto0     0062
??_Lcd8_Write_String       fnauto0     005F
??_Read_Adc                fnauto0     0061
??_Set_LCD_EN_off          fnauto0     0065
??_Set_LCD_EN_on           fnauto0     0065
??_Set_LCD_RS_off          fnauto0     0064
??_Set_LCD_RS_on           fnauto0     0065
??_Start_Timer             fnauto0     0061
??___lwdiv                 fnauto0     0063
??___lwmod                 fnauto0     0063
??_init_DigIO              fnauto0     005F
??_init_SWTimer            fnauto0     005F
??_init_timer              fnauto0     005F
??_isr                     fnauto0     0068
??_main                    fnauto0     005F
?_GetTimer_State           fnauto0     005F
?_Lcd8_Cmd                 fnauto0     0061
?_Lcd8_Init                fnauto0     005F
?_Lcd8_Port                fnauto0     0065
?_Lcd8_Set_Cursor          fnauto0     005F
?_Lcd8_Write_Char          fnauto0     0062
?_Lcd8_Write_String        fnauto0     005F
?_Read_Adc                 fnauto0     005F
?_Set_LCD_EN_off           fnauto0     0065
?_Set_LCD_EN_on            fnauto0     0065
?_Set_LCD_RS_off           fnauto0     0064
?_Set_LCD_RS_on            fnauto0     0065
?_Start_Timer              fnauto0     005F
?___lwdiv                  fnauto0     005F
?___lwmod                  fnauto0     005F
?_init_DigIO               fnauto0     005F
?_init_SWTimer             fnauto0     005F
?_init_timer               fnauto0     005F
?_isr                      fnauto0     0068
?_main                     fnauto0     005F
_ABDEN                     (abs)       0C38
_ABDOVF                    (abs)       0C3F
_ACKDT                     (abs)       048D
_ACKEN                     (abs)       048C
_ACKSTAT                   (abs)       048E
_ADCON0                    (abs)       001F
_ADCON1                    (abs)       009F
_ADCS0                     (abs)       00FE
_ADCS1                     (abs)       00FF
_ADDEN                     (abs)       00C3
_ADFM                      (abs)       04FF
_ADIE                      (abs)       0466
_ADIF                      (abs)       0066
_ADON                      (abs)       00F8
_ADRESH                    (abs)       001E
_ADRESL                    (abs)       009E
_ANS0                      (abs)       0C40
_ANS1                      (abs)       0C41
_ANS10                     (abs)       0C4A
_ANS11                     (abs)       0C4B
_ANS12                     (abs)       0C4C
_ANS13                     (abs)       0C4D
_ANS2                      (abs)       0C42
_ANS3                      (abs)       0C43
_ANS4                      (abs)       0C44
_ANS8                      (abs)       0C48
_ANS9                      (abs)       0C49
_ANSEL                     (abs)       0188
_ANSELH                    (abs)       0189
_BAUDCTL                   (abs)       0187
_BCLIE                     (abs)       046B
_BCLIF                     (abs)       006B
_BF                        (abs)       04A0
_BOR                       (abs)       0470
_BRG0                      (abs)       04C8
_BRG1                      (abs)       04C9
_BRG10                     (abs)       04D2
_BRG11                     (abs)       04D3
_BRG12                     (abs)       04D4
_BRG13                     (abs)       04D5
_BRG14                     (abs)       04D6
_BRG15                     (abs)       04D7
_BRG16                     (abs)       0C3B
_BRG2                      (abs)       04CA
_BRG3                      (abs)       04CB
_BRG4                      (abs)       04CC
_BRG5                      (abs)       04CD
_BRG6                      (abs)       04CE
_BRG7                      (abs)       04CF
_BRG8                      (abs)       04D0
_BRG9                      (abs)       04D1
_BRGH                      (abs)       04C2
_C1CH0                     (abs)       0838
_C1CH1                     (abs)       0839
_C1IE                      (abs)       046D
_C1IF                      (abs)       006D
_C1OE                      (abs)       083D
_C1ON                      (abs)       083F
_C1OUT                     (abs)       083E
_C1POL                     (abs)       083C
_C1R                       (abs)       083A
_C1RSEL                    (abs)       084D
_C1SEN                     (abs)       0C2D
_C2CH0                     (abs)       0840
_C2CH1                     (abs)       0841
_C2IE                      (abs)       046E
_C2IF                      (abs)       006E
_C2OE                      (abs)       0845
_C2ON                      (abs)       0847
_C2OUT                     (abs)       0846
_C2POL                     (abs)       0844
_C2R                       (abs)       0842
_C2REN                     (abs)       0C2C
_C2RSEL                    (abs)       084C
_C2SYNC                    (abs)       0848
_CARRY                     (abs)       0018
_CCP1CON                   (abs)       0017
_CCP1IE                    (abs)       0462
_CCP1IF                    (abs)       0062
_CCP1M0                    (abs)       00B8
_CCP1M1                    (abs)       00B9
_CCP1M2                    (abs)       00BA
_CCP1M3                    (abs)       00BB
_CCP2CON                   (abs)       001D
_CCP2IE                    (abs)       0468
_CCP2IF                    (abs)       0068
_CCP2M0                    (abs)       00E8
_CCP2M1                    (abs)       00E9
_CCP2M2                    (abs)       00EA
_CCP2M3                    (abs)       00EB
_CCP2X                     (abs)       00ED
_CCP2Y                     (abs)       00EC
_CCPR1H                    (abs)       0016
_CCPR1L                    (abs)       0015
_CCPR2H                    (abs)       001C
_CCPR2L                    (abs)       001B
_CHS0                      (abs)       00FA
_CHS1                      (abs)       00FB
_CHS2                      (abs)       00FC
_CHS3                      (abs)       00FD
_CKE                       (abs)       04A6
_CKP                       (abs)       00A4
_CM1CON0                   (abs)       0107
_CM2CON0                   (abs)       0108
_CM2CON1                   (abs)       0109
_CREN                      (abs)       00C4
_CSRC                      (abs)       04C7
_DA                        (abs)       04A5
_DC                        (abs)       0019
_DC1B0                     (abs)       00BC
_DC1B1                     (abs)       00BD
_ECCPAS                    (abs)       009C
_ECCPAS0                   (abs)       04E4
_ECCPAS1                   (abs)       04E5
_ECCPAS2                   (abs)       04E6
_ECCPASE                   (abs)       04E7
_EEADR                     (abs)       010D
_EEADRH                    (abs)       010F
_EEADRL                    (abs)       010D
_EECON1                    (abs)       018C
_EECON2                    (abs)       018D
_EEDAT                     (abs)       010C
_EEDATA                    (abs)       010C
_EEDATH                    (abs)       010E
_EEIE                      (abs)       046C
_EEIF                      (abs)       006C
_EEPGD                     (abs)       0C67
_Elapsed_Hours             (abs)       0075
_Elapsed_Mins              (abs)       007B
_Elapsed_Secs              (abs)       007A
_FERR                      (abs)       00C2
_FSR                       (abs)       0004
_FVREN                     (abs)       0C28
_GCEN                      (abs)       048F
_GIE                       (abs)       005F
_GODONE                    (abs)       00F9
_GetTimer_State            text164     02C1
_GetTimer_State_TimerID    fnauto0     005F
_HTS                       (abs)       047A
_INDF                      (abs)       0000
_INTCON                    (abs)       000B
_INTE                      (abs)       005C
_INTEDG                    (abs)       040E
_INTF                      (abs)       0059
_IOCB                      (abs)       0096
_IOCB0                     (abs)       04B0
_IOCB1                     (abs)       04B1
_IOCB2                     (abs)       04B2
_IOCB3                     (abs)       04B3
_IOCB4                     (abs)       04B4
_IOCB5                     (abs)       04B5
_IOCB6                     (abs)       04B6
_IOCB7                     (abs)       04B7
_IRCF0                     (abs)       047C
_IRCF1                     (abs)       047D
_IRCF2                     (abs)       047E
_IRP                       (abs)       001F
_Input_Time                (abs)       007D
_LTS                       (abs)       0479
_Lcd8_Cmd                  text175     042F
_Lcd8_Cmd_a                fnauto0     0061
_Lcd8_Init                 text169     0221
_Lcd8_Port                 text178     04B8
_Lcd8_Port_a               fnauto0     0065
_Lcd8_Set_Cursor           text166     0455
_Lcd8_Set_Cursor_a         fnauto0     0060
_Lcd8_Set_Cursor_b         fnauto0     005F
_Lcd8_Write_Char           text174     0408
_Lcd8_Write_Char_a         fnauto0     0062
_Lcd8_Write_String         text163     03DE
_Lcd8_Write_String_a       fnauto0     005F
_Lcd8_Write_String_i       fnauto0     0060
_MC1OUT                    (abs)       084F
_MC2OUT                    (abs)       084E
_OERR                      (abs)       00C1
_OPTION                    (abs)       0081
_OSCCON                    (abs)       008F
_OSCTUNE                   (abs)       0090
_OSFIE                     (abs)       046F
_OSFIF                     (abs)       006F
_OSTS                      (abs)       047B
_P1M0                      (abs)       00BE
_P1M1                      (abs)       00BF
_PCL                       (abs)       0002
_PCLATH                    (abs)       000A
_PCON                      (abs)       008E
_PD                        (abs)       001B
_PDC0                      (abs)       04D8
_PDC1                      (abs)       04D9
_PDC2                      (abs)       04DA
_PDC3                      (abs)       04DB
_PDC4                      (abs)       04DC
_PDC5                      (abs)       04DD
_PDC6                      (abs)       04DE
_PEIE                      (abs)       005E
_PEN                       (abs)       048A
_PIE1                      (abs)       008C
_PIE2                      (abs)       008D
_PIR1                      (abs)       000C
_PIR2                      (abs)       000D
_POR                       (abs)       0471
_PORTA                     (abs)       0005
_PORTB                     (abs)       0006
_PORTC                     (abs)       0007
_PORTE                     (abs)       0009
_PR2                       (abs)       0092
_PRSEN                     (abs)       04DF
_PS0                       (abs)       0408
_PS1                       (abs)       0409
_PS2                       (abs)       040A
_PSA                       (abs)       040B
_PSSAC0                    (abs)       04E2
_PSSAC1                    (abs)       04E3
_PSSBD0                    (abs)       04E0
_PSSBD1                    (abs)       04E1
_PSTRCON                   (abs)       009D
_PULSR                     (abs)       0C2A
_PULSS                     (abs)       0C2B
_PWM1CON                   (abs)       009B
_RA0                       (abs)       0028
_RA1                       (abs)       0029
_RA2                       (abs)       002A
_RA3                       (abs)       002B
_RA4                       (abs)       002C
_RA5                       (abs)       002D
_RA6                       (abs)       002E
_RA7                       (abs)       002F
_RABIE                     (abs)       005B
_RABIF                     (abs)       0058
_RABPU                     (abs)       040F
_RB0                       (abs)       0030
_RB1                       (abs)       0031
_RB2                       (abs)       0032
_RB3                       (abs)       0033
_RB4                       (abs)       0034
_RB5                       (abs)       0035
_RB6                       (abs)       0036
_RB7                       (abs)       0037
_RBIE                      (abs)       005B
_RBIF                      (abs)       0058
_RBPU                      (abs)       040F
_RC0                       (abs)       0038
_RC1                       (abs)       0039
_RC2                       (abs)       003A
_RC3                       (abs)       003B
_RC4                       (abs)       003C
_RC5                       (abs)       003D
_RC6                       (abs)       003E
_RC7                       (abs)       003F
_RCEN                      (abs)       048B
_RCIDL                     (abs)       0C3E
_RCIE                      (abs)       0465
_RCIF                      (abs)       0065
_RCREG                     (abs)       001A
_RCSTA                     (abs)       0018
_RD                        (abs)       0C60
_RE3                       (abs)       004B
_RP0                       (abs)       001D
_RP1                       (abs)       001E
_RSEN                      (abs)       0489
_RW                        (abs)       04A2
_RX9                       (abs)       00C6
_RX9D                      (abs)       00C0
_Read_Adc                  text168     0303
_Read_Adc_Channel          fnauto0     0061
_Ref1ms_counter            (abs)       005D
_SBOREN                    (abs)       0474
_SCKP                      (abs)       0C3C
_SCS                       (abs)       0478
_SEN                       (abs)       0488
_SENDB                     (abs)       04C3
_SMP                       (abs)       04A7
_SPBRG                     (abs)       0099
_SPBRGH                    (abs)       009A
_SPEN                      (abs)       00C7
_SR0                       (abs)       0C2E
_SR1                       (abs)       0C2F
_SRCON                     (abs)       0185
_SREN                      (abs)       00C5
_SSPADD                    (abs)       0093
_SSPBUF                    (abs)       0013
_SSPCON                    (abs)       0014
_SSPCON2                   (abs)       0091
_SSPEN                     (abs)       00A5
_SSPIE                     (abs)       0463
_SSPIF                     (abs)       0063
_SSPM0                     (abs)       00A0
_SSPM1                     (abs)       00A1
_SSPM2                     (abs)       00A2
_SSPM3                     (abs)       00A3
_SSPMSK                    (abs)       0093
_SSPOV                     (abs)       00A6
_SSPSTAT                   (abs)       0094
_START                     (abs)       04A3
_STATUS                    (abs)       0003
_STOP                      (abs)       04A4
_STRA                      (abs)       04E8
_STRB                      (abs)       04E9
_STRC                      (abs)       04EA
_STRD                      (abs)       04EB
_STRSYNC                   (abs)       04EC
_SWDTEN                    (abs)       0828
_SYNC                      (abs)       04C4
_Set_LCD_EN_off            text179     04BF
_Set_LCD_EN_on             text180     04CD
_Set_LCD_RS_off            text177     04C6
_Set_LCD_RS_on             text176     04D1
_Start_Timer               text167     0473
_Start_Timer_TimeoutVal    fnauto0     005F
_Start_Timer_Timer_ID      fnauto0     0061
_T0CS                      (abs)       040D
_T0IE                      (abs)       005D
_T0IF                      (abs)       005A
_T0SE                      (abs)       040C
_T1CKPS0                   (abs)       0084
_T1CKPS1                   (abs)       0085
_T1CON                     (abs)       0010
_T1GINV                    (abs)       0087
_T1GSS                     (abs)       0849
_T1OSCEN                   (abs)       0083
_T1SYNC                    (abs)       0082
_T2CKPS0                   (abs)       0090
_T2CKPS1                   (abs)       0091
_T2CON                     (abs)       0012
_TMR0                      (abs)       0001
_TMR1CS                    (abs)       0081
_TMR1GE                    (abs)       0086
_TMR1H                     (abs)       000F
_TMR1IE                    (abs)       0460
_TMR1IF                    (abs)       0060
_TMR1L                     (abs)       000E
_TMR1ON                    (abs)       0080
_TMR2                      (abs)       0011
_TMR2IE                    (abs)       0461
_TMR2IF                    (abs)       0061
_TMR2ON                    (abs)       0092
_TO                        (abs)       001C
_TOUTPS0                   (abs)       0093
_TOUTPS1                   (abs)       0094
_TOUTPS2                   (abs)       0095
_TOUTPS3                   (abs)       0096
_TRISA                     (abs)       0085
_TRISA0                    (abs)       0428
_TRISA1                    (abs)       0429
_TRISA2                    (abs)       042A
_TRISA3                    (abs)       042B
_TRISA4                    (abs)       042C
_TRISA5                    (abs)       042D
_TRISA6                    (abs)       042E
_TRISA7                    (abs)       042F
_TRISB                     (abs)       0086
_TRISB0                    (abs)       0430
_TRISB1                    (abs)       0431
_TRISB2                    (abs)       0432
_TRISB3                    (abs)       0433
_TRISB4                    (abs)       0434
_TRISB5                    (abs)       0435
_TRISB6                    (abs)       0436
_TRISB7                    (abs)       0437
_TRISC                     (abs)       0087
_TRISC0                    (abs)       0438
_TRISC1                    (abs)       0439
_TRISC2                    (abs)       043A
_TRISC3                    (abs)       043B
_TRISC4                    (abs)       043C
_TRISC5                    (abs)       043D
_TRISC6                    (abs)       043E
_TRISC7                    (abs)       043F
_TRISE                     (abs)       0089
_TRISE3                    (abs)       044B
_TRMT                      (abs)       04C1
_TUN0                      (abs)       0480
_TUN1                      (abs)       0481
_TUN2                      (abs)       0482
_TUN3                      (abs)       0483
_TUN4                      (abs)       0484
_TX9                       (abs)       04C6
_TX9D                      (abs)       04C0
_TXEN                      (abs)       04C5
_TXIE                      (abs)       0464
_TXIF                      (abs)       0064
_TXREG                     (abs)       0019
_TXSTA                     (abs)       0098
_Time_Hour                 (abs)       007C
_Time_Min                  (abs)       0077
_Time_Sec                  (abs)       0076
_TimerStart                (abs)       0055
_TimerState                (abs)       0071
_TimerTimeOutVal           (abs)       004D
_UA                        (abs)       04A1
_ULPWUE                    (abs)       0475
_ULPWUIE                   (abs)       046A
_ULPWUIF                   (abs)       006A
_VCFG0                     (abs)       04FC
_VCFG1                     (abs)       04FD
_VR0                       (abs)       04B8
_VR1                       (abs)       04B9
_VR2                       (abs)       04BA
_VR3                       (abs)       04BB
_VRCON                     (abs)       0097
_VREN                      (abs)       04BF
_VROE                      (abs)       04BE
_VRR                       (abs)       04BD
_VRSS                      (abs)       04BC
_WCOL                      (abs)       00A7
_WDTCON                    (abs)       0105
_WDTPS0                    (abs)       0829
_WDTPS1                    (abs)       082A
_WDTPS2                    (abs)       082B
_WDTPS3                    (abs)       082C
_WPUB                      (abs)       0095
_WPUB0                     (abs)       04A8
_WPUB1                     (abs)       04A9
_WPUB2                     (abs)       04AA
_WPUB3                     (abs)       04AB
_WPUB4                     (abs)       04AC
_WPUB5                     (abs)       04AD
_WPUB6                     (abs)       04AE
_WPUB7                     (abs)       04AF
_WR                        (abs)       0C61
_WREN                      (abs)       0C62
_WRERR                     (abs)       0C63
_WUE                       (abs)       0C39
_ZERO                      (abs)       001A
__Beeprom_data             eeprom_data 2100
__Bnvbit_0                 nvbit_0     0442
__Bnvbit_1                 nvbit_1     00A0
__Bnvbit_2                 nvbit_2     0110
__Bnvbit_3                 nvbit_3     0190
__Bptbit_0                 ptbit_0     0442
__Brbit_0                  rbit_0      007E
__Brbit_1                  rbit_1      00A0
__Brbit_2                  rbit_2      0110
__Brbit_3                  rbit_3      0190
__Hclrtext                 clrtext     002F
__Hcode                    code        0442
__Hcommon                  (abs)       007E
__Hconfig                  config      2009
__Heeprom_data             eeprom_data 0000
__Hend_init                end_init    0027
__Hfloat_text0             float_text0 0221
__Hfloat_text1             float_text1 0221
__Hfloat_text2             float_text2 0221
__Hfloat_text3             float_text3 0221
__Hfloat_text4             float_text4 0221
__Hfnauto0                 fnauto0     006C
__Hfnauto1                 fnauto1     00A0
__Hfnauto2                 fnauto2     0110
__Hfnauto3                 fnauto3     0190
__Hfnautoc                 fnautoc     007E
__Hidata                   idata       0221
__Hidata_0                 idata_0     0221
__Hidata_1                 idata_1     0221
__Hidata_2                 idata_2     0221
__Hidata_3                 idata_3     0221
__Hidloc                   idloc       2000
__Hinit                    init        0023
__Hinit23                  init23      0023
__Hintcode                 intcode     0012
__Hintentry                intentry    0012
__Hintret                  intret      0012
__Hintrtext                intrtext    0442
__Hintsave                 intsave     0442
__Hintsave_1               intsave_1   0442
__Hintsave_2               intsave_2   0442
__Hintsave_3               intsave_3   0442
__Hmaintext                maintext    01F8
__Hnvbit_0                 nvbit_0     2210
__Hnvbit_1                 nvbit_1     0500
__Hnvbit_2                 nvbit_2     0880
__Hnvbit_3                 nvbit_3     0C80
__Hnvram                   nvram       007E
__Hnvram_1                 nvram_1     00A0
__Hnvram_2                 nvram_2     0110
__Hnvram_3                 nvram_3     0190
__Hpowerup                 powerup     0221
__Hpstrings                pstrings    01F8
__Hptbit_0                 ptbit_0     2210
__Hramdata                 (abs)       0001
__Hrbit_0                  rbit_0      03F0
__Hrbit_1                  rbit_1      0500
__Hrbit_2                  rbit_2      0880
__Hrbit_3                  rbit_3      0C80
__Hrbss_0                  (abs)       005F
__Hrbss_1                  rbss_1      00A0
__Hrbss_2                  rbss_2      0110
__Hrbss_3                  rbss_3      0190
__Hrdata_0                 (abs)       0001
__Hrdata_1                 rdata_1     00A0
__Hrdata_2                 rdata_2     0110
__Hrdata_3                 rdata_3     0190
__Hreset_vec               reset_vec   0003
__Hstrings                 strings     0221
__Hstruct                  struct      007E
__Htemp                    temp        007E
__Htext                    text        0442
__Lclrtext                 clrtext     0027
__Lcode                    code        0442
__Lcommon                  (abs)       0071
__Lconfig                  config      2007
__Leeprom_data             eeprom_data 0000
__Lend_init                end_init    0023
__Lfloat_text0             float_text0 0221
__Lfloat_text1             float_text1 0221
__Lfloat_text2             float_text2 0221
__Lfloat_text3             float_text3 0221
__Lfloat_text4             float_text4 0221
__Lfnauto0                 fnauto0     005F
__Lfnauto1                 fnauto1     00A0
__Lfnauto2                 fnauto2     0110
__Lfnauto3                 fnauto3     0190
__Lfnautoc                 fnautoc     007E
__Lidata                   idata       0221
__Lidata_0                 idata_0     0221
__Lidata_1                 idata_1     0221
__Lidata_2                 idata_2     0221
__Lidata_3                 idata_3     0221
__Lidloc                   idloc       2000
__Linit                    init        0012
__Linit23                  init23      0023
__Lintcode                 intcode     0012
__Lintentry                intentry    0004
__Lintret                  intret      0012
__Lintrtext                intrtext    0442
__Lintsave                 intsave     0442
__Lintsave_1               intsave_1   0442
__Lintsave_2               intsave_2   0442
__Lintsave_3               intsave_3   0442
__Lmaintext                maintext    002F
__Lnvbit_0                 nvbit_0     2210
__Lnvbit_1                 nvbit_1     0500
__Lnvbit_2                 nvbit_2     0880
__Lnvbit_3                 nvbit_3     0C80
__Lnvram                   nvram       007E
__Lnvram_1                 nvram_1     00A0
__Lnvram_2                 nvram_2     0110
__Lnvram_3                 nvram_3     0190
__Lpowerup                 powerup     0221
__Lpstrings                pstrings    01F8
__Lptbit_0                 ptbit_0     2210
__Lramdata                 (abs)       0000
__Lrbit_0                  rbit_0      03F0
__Lrbit_1                  rbit_1      0500
__Lrbit_2                  rbit_2      0880
__Lrbit_3                  rbit_3      0C80
__Lrbss_0                  (abs)       0045
__Lrbss_1                  rbss_1      00A0
__Lrbss_2                  rbss_2      0110
__Lrbss_3                  rbss_3      0190
__Lrdata_0                 (abs)       0000
__Lrdata_1                 rdata_1     00A0
__Lrdata_2                 rdata_2     0110
__Lrdata_3                 rdata_3     0190
__Lreset_vec               reset_vec   0000
__Lstrings                 strings     0200
__Lstruct                  struct      007E
__Ltemp                    temp        007E
__Ltext                    text        0442
__S0                       (abs)       2009
__S1                       (abs)       0190
__S2                       (abs)       2100
___lwdiv                   text172     0277
___lwdiv_counter           fnauto0     0063
___lwdiv_dividend          fnauto0     005F
___lwdiv_divisor           fnauto0     0061
___lwdiv_quotient          fnauto0     0064
___lwmod                   text173     033D
___lwmod_counter           fnauto0     0063
___lwmod_dividend          fnauto0     005F
___lwmod_divisor           fnauto0     0061
__databank                 (abs)       0000
__end_of_GetTimer_State    text164     0303
__end_of_Lcd8_Cmd          text175     0455
__end_of_Lcd8_Init         text169     0277
__end_of_Lcd8_Port         text178     04BF
__end_of_Lcd8_Set_Cursor   text166     0473
__end_of_Lcd8_Write_Char   text174     042F
__end_of_Lcd8_Write_String text163     0408
__end_of_Read_Adc          text168     033D
__end_of_Set_LCD_EN_off    text179     04C6
__end_of_Set_LCD_EN_on     text180     04D1
__end_of_Set_LCD_RS_off    text177     04CD
__end_of_Set_LCD_RS_on     text176     04D3
__end_of_Start_Timer       text167     0490
__end_of___lwdiv           text172     02C1
__end_of___lwmod           text173     0375
__end_of_init_DigIO        text171     03AA
__end_of_init_SWTimer      text165     03DE
__end_of_init_timer        text170     04B8
__end_of_isr               intrtext    04AA
__end_of_main              maintext    01F8
__stringbase               strings     020E
__tempreg                  (abs)       005F
_adc_result_an2            (abs)       0047
_adc_result_an3            (abs)       0079
_adc_result_an4            (abs)       0078
_exit                      init        0012
_init_DigIO                text171     0375
_init_SWTimer              text165     03AA
_init_SWTimer_counter      fnauto0     005F
_init_timer                text170     04AA
_isr                       intrtext    0490
_main                      maintext    002F
_temp1                     (abs)       0045
_temp2                     (abs)       004B
_temp3                     (abs)       0049
btemp                      (abs)       007E
clear_ram                  clrtext     0027
interrupt_function         intentry    0004
intlevel0                  intentry    0004
intlevel1                  intentry    0004
intlevel2                  intentry    0004
intlevel3                  intentry    0004
intlevel4                  intentry    0004
intlevel5                  intentry    0004
reset_vec                  reset_vec   0000
saved_w                    (abs)       007F
start                      init        0012
stringdir                  strings     0209
stringjmp                  strings     020D
stringtab                  strings     0200
