HI-TECH Software C Compiler 

Linker command line:

--edf=C:\Program Files\HI-TECH Software\PICC\PRO\9.60\dat\en_msgs.txt -cs \
  -h+TestProject.sym -z -Q16F684 -ol.obj -MTestProject.map -E1 \
  -ACODE=00h-07FFh -ACONST=00h-0FFhx8 -AENTRY=00h-0FFhx8 \
  -ASTRING=00h-0FFhx8 -ARAM=020h-06Fh,0A0h-0BFh -AABS1=020h-07Fh,0A0h-0BFh \
  -ABANK0=020h-07Fh -ABANK1=0A0h-0BFh -ACOMMON=070h-07Fh \
  -preset_vec=00h,intentry=04h,intcode,intret,init,init23,end_init,clrtext,maintext,pstrings \
  -pstrings=CODE -ppowerup=CODE -ptemp=-COMMON -pcommon=-COMMON \
  -prbss_0=BANK0,rbit_0=BANK0,rdata_0=BANK0,idata_0=CODE -pnvram=BANK0 \
  -prbss_1=BANK1,rbit_1=BANK1,rdata_1=BANK1,idata_1=CODE \
  -pnvram_1=BANK1,nvbit_1=BANK1 -pidata=CODE -pfnautoc=COMMON \
  -pfnauto0=BANK0 -pfnauto1=BANK1 -ACONFIG=02007h-02007h -pconfig=CONFIG \
  -DCONFIG=2 -AIDLOC=02000h-02003h -pidloc=IDLOC -DIDLOC=2 \
  -AEEDATA=00h-0FFh/02100h -peeprom_data=EEDATA -DEEDATA=2 \
  -pfloat_text0=CODE,float_text1=CODE,float_text2=CODE \
  -pfloat_text3=CODE,float_text4=CODE -DCODE=2 startup.obj TestProject.obj 

Object code version is 3.10

Machine type is 16F684

Call graph: (short form)


                Name          Link     Load   Length Selector Space Scale
startup.obj     clrtext         2F       2F        8       8     0
                init             F        F       1E       8     0
                end_init        2D       2D        2       8     0
                reset_vec        0        0        1       0     0
TestProject.obj intentry         4        4        B       8     0
                maintext        37       37       B9       8     0
                idata           F0       F0        2       8     0
                config        2007     2007        1    400E     0
                text165        266      266        6       8     0
                text166        166      166       20       8     0
                text167        238      238       12       8     0
                text162        255      255        B       8     0
                text163        1A6      1A6       1D       8     0
                text164        26C      26C        3       8     0
                intrtext       1DF      1DF       1A       8     0
                text152        224      224       14       8     0
                text153        1F9      1F9       17       8     0
                text154         F2       F2       41       8     0
                text155        24A      24A        B       8     0
                text159        210      210       14       8     0
                text160        133      133       33       8     0
                text161        186      186       20       8     0
                text156        26F      26F        2       8     0
                text157        1C3      1C3       1C       8     0
                text158        260      260        6       8     0

COMMON          fnauto0         20       20        E      20     1

TOTAL           Name          Link     Load   Length  Space
        CLASS   CODE           
                intentry         4        4        B     0
                maintext        37       37       B9     0
                idata           F0       F0        2     0
                clrtext         2F       2F        8     0
                init             F        F       1E     0
                end_init        2D       2D        2     0
                reset_vec        0        0        1     0
                text165        266      266        6     0
                text166        166      166       20     0
                text167        238      238       12     0
                text162        255      255        B     0
                text163        1A6      1A6       1D     0
                text164        26C      26C        3     0
                intrtext       1DF      1DF       1A     0
                text152        224      224       14     0
                text153        1F9      1F9       17     0
                text154         F2       F2       41     0
                text155        24A      24A        B     0
                text159        210      210       14     0
                text160        133      133       33     0
                text161        186      186       20     0
                text156        26F      26F        2     0
                text157        1C3      1C3       1C     0
                text158        260      260        6     0

        CLASS   CONST          

        CLASS   ENTRY          

        CLASS   STRING         

        CLASS   RAM            

        CLASS   ABS1           
                abs_s1          62       62        E     1
                abs_s1          71       71        F     1

        CLASS   BANK0          
                fnauto0         20       20        E     1

        CLASS   BANK1          

        CLASS   COMMON         

        CLASS   CONFIG         
                config        2007     2007        1     0

        CLASS   IDLOC          

        CLASS   EEDATA         

        CLASS   BANK3          

        CLASS   BANK2          



SEGMENTS        Name           Load    Length   Top     Selector    Space Class Delta

                reset_vec       000000  000001  000001         0       0  CODE        2
                intentry        000004  00026D  000271         8       0  CODE        2
                fnauto0         000020  00000E  00002E        20       1  BANK0       1
                config          002007  000001  002008      400E       0  CONFIG      2


UNUSED ADDRESS RANGES

        BANK0            002E-0061     1
                         0070-0070
        BANK1            00A0-00BF     1
        CODE             0001-0003     2
                         0271-07FF
        COMMON           0070-0070     1
        CONST            0002-0007     1
                         04E2-07FF
        EEDATA           2100-21FF     2
        ENTRY            0002-0007     1
                         04E2-07FF
        IDLOC            2000-2003     2
        STRING           0002-0007     1
                         04E2-07FF

                                  Symbol Table

??_GetTimer_State             fnauto0     0021
??_Read_Adc                   fnauto0     0023
??_Read_Adc_E0                fnauto0     0021
??_Read_Adc_E1                fnauto0     0021
??_Start_Timer                fnauto0     0023
??_Stop_Timer                 fnauto0     0021
??_adc_delay                  fnauto0     0026
??_alarm_off                  fnauto0     0021
??_alarm_on                   fnauto0     0021
??_heater_off                 fnauto0     0021
??_heater_on                  fnauto0     0021
??_init_DigIO                 fnauto0     0021
??_init_SWTimer               fnauto0     0021
??_init_adc                   fnauto0     0021
??_init_timer                 fnauto0     0021
??_isr                        fnauto0     002A
??_main                       fnauto0     0020
??_read_pressure_switch       fnauto0     0021
?_GetTimer_State              fnauto0     0021
?_Read_Adc                    fnauto0     0023
?_Read_Adc_E0                 fnauto0     0021
?_Read_Adc_E1                 fnauto0     0021
?_Start_Timer                 fnauto0     0021
?_Stop_Timer                  fnauto0     0021
?_adc_delay                   fnauto0     0026
?_alarm_off                   fnauto0     0021
?_alarm_on                    fnauto0     0021
?_heater_off                  fnauto0     0021
?_heater_on                   fnauto0     0021
?_init_DigIO                  fnauto0     0021
?_init_SWTimer                fnauto0     0021
?_init_adc                    fnauto0     0021
?_init_timer                  fnauto0     0021
?_isr                         fnauto0     002A
?_main                        fnauto0     0020
?_read_pressure_switch        fnauto0     0021
_ADCON0                       (abs)       001F
_ADCON1                       (abs)       009F
_ADCS0                        (abs)       04FC
_ADCS1                        (abs)       04FD
_ADCS2                        (abs)       04FE
_ADFM                         (abs)       00FF
_ADIE                         (abs)       0466
_ADIF                         (abs)       0066
_ADON                         (abs)       00F8
_ADRESH                       (abs)       001E
_ADRESL                       (abs)       009E
_ANS0                         (abs)       0488
_ANS1                         (abs)       0489
_ANS2                         (abs)       048A
_ANS3                         (abs)       048B
_ANS4                         (abs)       048C
_ANS5                         (abs)       048D
_ANS6                         (abs)       048E
_ANS7                         (abs)       048F
_ANSEL                        (abs)       0091
_BOD                          (abs)       0470
_C1IE                         (abs)       0463
_C1IF                         (abs)       0063
_C1INV                        (abs)       00CC
_C1OUT                        (abs)       00CE
_C2IE                         (abs)       0464
_C2IF                         (abs)       0064
_C2INV                        (abs)       00CD
_C2OUT                        (abs)       00CF
_C2SYNC                       (abs)       00D0
_CARRY                        (abs)       0018
_CCP1CON                      (abs)       0015
_CCP1IE                       (abs)       0465
_CCP1IF                       (abs)       0065
_CCP1M0                       (abs)       00A8
_CCP1M1                       (abs)       00A9
_CCP1M2                       (abs)       00AA
_CCP1M3                       (abs)       00AB
_CCPR1H                       (abs)       0014
_CCPR1L                       (abs)       0013
_CHS0                         (abs)       00FA
_CHS1                         (abs)       00FB
_CHS2                         (abs)       00FC
_CIS                          (abs)       00CB
_CM0                          (abs)       00C8
_CM1                          (abs)       00C9
_CM2                          (abs)       00CA
_CMCON0                       (abs)       0019
_CMCON1                       (abs)       001A
_DC                           (abs)       0019
_DC1B0                        (abs)       00AC
_DC1B1                        (abs)       00AD
_ECCPAS                       (abs)       0017
_ECCPAS0                      (abs)       00BC
_ECCPAS1                      (abs)       00BD
_ECCPAS2                      (abs)       00BE
_ECCPASE                      (abs)       00BF
_EEADR                        (abs)       009B
_EEADRL                       (abs)       009B
_EECON1                       (abs)       009C
_EECON2                       (abs)       009D
_EEDAT                        (abs)       009A
_EEDATA                       (abs)       009A
_EEIE                         (abs)       0467
_EEIF                         (abs)       0067
_FSR                          (abs)       0004
_GIE                          (abs)       005F
_GODONE                       (abs)       00F9
_GetTimer_State               text154     00F2
_GetTimer_State_TimerID       fnauto0     0021
_HTS                          (abs)       047A
_INDF                         (abs)       0000
_INTCON                       (abs)       000B
_INTE                         (abs)       005C
_INTEDG                       (abs)       040E
_INTF                         (abs)       0059
_IOCA                         (abs)       0096
_IOCA0                        (abs)       04B0
_IOCA1                        (abs)       04B1
_IOCA2                        (abs)       04B2
_IOCA3                        (abs)       04B3
_IOCA4                        (abs)       04B4
_IOCA5                        (abs)       04B5
_IRCF0                        (abs)       047C
_IRCF1                        (abs)       047D
_IRCF2                        (abs)       047E
_IRP                          (abs)       001F
_LTS                          (abs)       0479
_OPTION                       (abs)       0081
_OSCCON                       (abs)       008F
_OSCTUNE                      (abs)       0090
_OSFIE                        (abs)       0462
_OSFIF                        (abs)       0062
_OSTS                         (abs)       047B
_P1M0                         (abs)       00AE
_P1M1                         (abs)       00AF
_PCL                          (abs)       0002
_PCLATH                       (abs)       000A
_PCON                         (abs)       008E
_PD                           (abs)       001B
_PDC0                         (abs)       00B0
_PDC1                         (abs)       00B1
_PDC2                         (abs)       00B2
_PDC3                         (abs)       00B3
_PDC4                         (abs)       00B4
_PDC5                         (abs)       00B5
_PDC6                         (abs)       00B6
_PEIE                         (abs)       005E
_PIE1                         (abs)       008C
_PIR1                         (abs)       000C
_POR                          (abs)       0471
_PORTA                        (abs)       0005
_PORTC                        (abs)       0007
_PR2                          (abs)       0092
_PRSEN                        (abs)       00B7
_PS0                          (abs)       0408
_PS1                          (abs)       0409
_PS2                          (abs)       040A
_PSA                          (abs)       040B
_PSSAC0                       (abs)       00BA
_PSSAC1                       (abs)       00BB
_PSSBD0                       (abs)       00B8
_PSSBD1                       (abs)       00B9
_PWM1CON                      (abs)       0016
_RA0                          (abs)       0028
_RA1                          (abs)       0029
_RA2                          (abs)       002A
_RA3                          (abs)       002B
_RA4                          (abs)       002C
_RA5                          (abs)       002D
_RAIE                         (abs)       005B
_RAIF                         (abs)       0058
_RAPU                         (abs)       040F
_RC0                          (abs)       0038
_RC1                          (abs)       0039
_RC2                          (abs)       003A
_RC3                          (abs)       003B
_RC4                          (abs)       003C
_RC5                          (abs)       003D
_RD                           (abs)       04E0
_RP0                          (abs)       001D
_RP1                          (abs)       001E
_Read_Adc                     text166     0166
_Read_Adc_Channel             fnauto0     0023
_Read_Adc_E0                  text152     0224
_Read_Adc_E0_ret_val          fnauto0     0022
_Read_Adc_E0_temp             fnauto0     0021
_Read_Adc_E1                  text153     01F9
_Read_Adc_E1_ret_val          fnauto0     0022
_Read_Adc_E1_temp             fnauto0     0021
_Ref1ms_counter               (abs)       0079
_SBODEN                       (abs)       0474
_SCS                          (abs)       0478
_STATUS                       (abs)       0003
_SWDTEN                       (abs)       00C0
_Start_Timer                  text163     01A6
_Start_Timer_TimeoutVal       fnauto0     0021
_Start_Timer_Timer_ID         fnauto0     0023
_Stop_Timer                   text155     024A
_Stop_Timer_TimerID           fnauto0     0021
_Switch_PrevState             (abs)       007D
_Switch_State                 (abs)       007C
_T0CS                         (abs)       040D
_T0IE                         (abs)       005D
_T0IF                         (abs)       005A
_T0SE                         (abs)       040C
_T1CKPS0                      (abs)       0084
_T1CKPS1                      (abs)       0085
_T1CON                        (abs)       0010
_T1GE                         (abs)       0086
_T1GINV                       (abs)       0087
_T1GSS                        (abs)       00D1
_T1OSCEN                      (abs)       0083
_T1SYNC                       (abs)       0082
_T2CKPS0                      (abs)       0090
_T2CKPS1                      (abs)       0091
_T2CON                        (abs)       0012
_TMR0                         (abs)       0001
_TMR1CS                       (abs)       0081
_TMR1H                        (abs)       000F
_TMR1IE                       (abs)       0460
_TMR1IF                       (abs)       0060
_TMR1L                        (abs)       000E
_TMR1ON                       (abs)       0080
_TMR2                         (abs)       0011
_TMR2IE                       (abs)       0461
_TMR2IF                       (abs)       0061
_TMR2ON                       (abs)       0092
_TO                           (abs)       001C
_TOUTPS0                      (abs)       0093
_TOUTPS1                      (abs)       0094
_TOUTPS2                      (abs)       0095
_TOUTPS3                      (abs)       0096
_TRISA                        (abs)       0085
_TRISA0                       (abs)       0428
_TRISA1                       (abs)       0429
_TRISA2                       (abs)       042A
_TRISA3                       (abs)       042B
_TRISA4                       (abs)       042C
_TRISA5                       (abs)       042D
_TRISC                        (abs)       0087
_TRISC0                       (abs)       0438
_TRISC1                       (abs)       0439
_TRISC2                       (abs)       043A
_TRISC3                       (abs)       043B
_TRISC4                       (abs)       043C
_TRISC5                       (abs)       043D
_TUN0                         (abs)       0480
_TUN1                         (abs)       0481
_TUN2                         (abs)       0482
_TUN3                         (abs)       0483
_TUN4                         (abs)       0484
_TimerStart                   (abs)       0071
_TimerState                   (abs)       0064
_TimerTimeOutVal              (abs)       0068
_ULPWUE                       (abs)       0475
_VCFG                         (abs)       00FE
_VR0                          (abs)       04C8
_VR1                          (abs)       04C9
_VR2                          (abs)       04CA
_VR3                          (abs)       04CB
_VRCON                        (abs)       0099
_VREN                         (abs)       04CF
_VRR                          (abs)       04CD
_WDTCON                       (abs)       0018
_WDTPS0                       (abs)       00C1
_WDTPS1                       (abs)       00C2
_WDTPS2                       (abs)       00C3
_WDTPS3                       (abs)       00C4
_WPUA                         (abs)       0095
_WPUA0                        (abs)       04A8
_WPUA1                        (abs)       04A9
_WPUA2                        (abs)       04AA
_WPUA4                        (abs)       04AC
_WPUA5                        (abs)       04AD
_WR                           (abs)       04E1
_WREN                         (abs)       04E2
_WRERR                        (abs)       04E3
_WaterSensed_PrevState        (abs)       0062
_WaterSensed_State            (abs)       0063
_ZERO                         (abs)       001A
__Beeprom_data                eeprom_data 2100
__Bnvbit_0                    nvbit_0     01E4
__Bnvbit_1                    nvbit_1     00A0
__Bnvbit_2                    nvbit_2     01E4
__Bnvbit_3                    nvbit_3     01E4
__Bptbit_0                    ptbit_0     01E4
__Brbit_0                     rbit_0      007E
__Brbit_1                     rbit_1      00A0
__Brbit_2                     rbit_2      01E4
__Brbit_3                     rbit_3      01E4
__Hclrtext                    clrtext     0037
__Hcode                       code        01E4
__Hcommon                     (abs)       007E
__Hconfig                     config      2008
__Heeprom_data                eeprom_data 0000
__Hend_init                   end_init    002F
__Hfloat_text0                float_text0 00F2
__Hfloat_text1                float_text1 00F2
__Hfloat_text2                float_text2 00F2
__Hfloat_text3                float_text3 00F2
__Hfloat_text4                float_text4 00F2
__Hfnauto0                    fnauto0     002E
__Hfnauto1                    fnauto1     00A0
__Hfnautoc                    fnautoc     007E
__Hidata                      idata       00F2
__Hidata_0                    idata_0     00F0
__Hidata_1                    idata_1     00F0
__Hidata_2                    idata_2     01E4
__Hidata_3                    idata_3     01E4
__Hidloc                      idloc       2000
__Hinit                       init        002D
__Hinit23                     init23      002D
__Hintcode                    intcode     000F
__Hintentry                   intentry    000F
__Hintret                     intret      000F
__Hintrtext                   intrtext    01E4
__Hintsave                    intsave     01E4
__Hintsave_1                  intsave_1   01E4
__Hintsave_2                  intsave_2   01E4
__Hintsave_3                  intsave_3   01E4
__Hmaintext                   maintext    00F0
__Hnvbit_0                    nvbit_0     0F20
__Hnvbit_1                    nvbit_1     0500
__Hnvbit_2                    nvbit_2     0F20
__Hnvbit_3                    nvbit_3     0F20
__Hnvram                      nvram       007E
__Hnvram_1                    nvram_1     00A0
__Hnvram_2                    nvram_2     01E4
__Hnvram_3                    nvram_3     01E4
__Hpowerup                    powerup     00F0
__Hpstrings                   pstrings    00F0
__Hptbit_0                    ptbit_0     0F20
__Hramdata                    (abs)       0064
__Hrbit_0                     rbit_0      03F0
__Hrbit_1                     rbit_1      0500
__Hrbit_2                     rbit_2      0F20
__Hrbit_3                     rbit_3      0F20
__Hrbss_0                     (abs)       0070
__Hrbss_1                     rbss_1      00A0
__Hrbss_2                     rbss_2      01E4
__Hrbss_3                     rbss_3      01E4
__Hrdata_0                    (abs)       0064
__Hrdata_1                    rdata_1     00A0
__Hrdata_2                    rdata_2     01E4
__Hrdata_3                    rdata_3     01E4
__Hreset_vec                  reset_vec   0001
__Hstrings                    strings     0100
__Hstruct                     struct      007E
__Htemp                       temp        007E
__Htext                       text        01E4
__Lclrtext                    clrtext     002F
__Lcode                       code        01E4
__Lcommon                     (abs)       0071
__Lconfig                     config      2007
__Leeprom_data                eeprom_data 0000
__Lend_init                   end_init    002D
__Lfloat_text0                float_text0 00F2
__Lfloat_text1                float_text1 00F2
__Lfloat_text2                float_text2 00F2
__Lfloat_text3                float_text3 00F2
__Lfloat_text4                float_text4 00F2
__Lfnauto0                    fnauto0     0020
__Lfnauto1                    fnauto1     00A0
__Lfnautoc                    fnautoc     007E
__Lidata                      idata       00F0
__Lidata_0                    idata_0     00F0
__Lidata_1                    idata_1     00F0
__Lidata_2                    idata_2     01E4
__Lidata_3                    idata_3     01E4
__Lidloc                      idloc       2000
__Linit                       init        000F
__Linit23                     init23      002D
__Lintcode                    intcode     000F
__Lintentry                   intentry    0004
__Lintret                     intret      000F
__Lintrtext                   intrtext    01E4
__Lintsave                    intsave     01E4
__Lintsave_1                  intsave_1   01E4
__Lintsave_2                  intsave_2   01E4
__Lintsave_3                  intsave_3   01E4
__Lmaintext                   maintext    0037
__Lnvbit_0                    nvbit_0     0F20
__Lnvbit_1                    nvbit_1     0500
__Lnvbit_2                    nvbit_2     0F20
__Lnvbit_3                    nvbit_3     0F20
__Lnvram                      nvram       007E
__Lnvram_1                    nvram_1     00A0
__Lnvram_2                    nvram_2     01E4
__Lnvram_3                    nvram_3     01E4
__Lpowerup                    powerup     00F0
__Lpstrings                   pstrings    00F0
__Lptbit_0                    ptbit_0     0F20
__Lramdata                    (abs)       0062
__Lrbit_0                     rbit_0      03F0
__Lrbit_1                     rbit_1      0500
__Lrbit_2                     rbit_2      0F20
__Lrbit_3                     rbit_3      0F20
__Lrbss_0                     (abs)       0064
__Lrbss_1                     rbss_1      00A0
__Lrbss_2                     rbss_2      01E4
__Lrbss_3                     rbss_3      01E4
__Lrdata_0                    (abs)       0062
__Lrdata_1                    rdata_1     00A0
__Lrdata_2                    rdata_2     01E4
__Lrdata_3                    rdata_3     01E4
__Lreset_vec                  reset_vec   0000
__Lstrings                    strings     0100
__Lstruct                     struct      007E
__Ltemp                       temp        007E
__Ltext                       text        01E4
__S0                          (abs)       2008
__S1                          (abs)       00A0
__S2                          (abs)       2100
__databank                    (abs)       0000
__end_of_GetTimer_State       text154     0133
__end_of_Read_Adc             text166     0186
__end_of_Read_Adc_E0          text152     0238
__end_of_Read_Adc_E1          text153     0210
__end_of_Start_Timer          text163     01C3
__end_of_Stop_Timer           text155     0255
__end_of_adc_delay            text167     024A
__end_of_alarm_off            text158     0266
__end_of_alarm_on             text164     026F
__end_of_heater_off           text165     026C
__end_of_heater_on            text156     0271
__end_of_init_DigIO           text161     01A6
__end_of_init_SWTimer         text160     0166
__end_of_init_adc             text159     0224
__end_of_init_timer           text162     0260
__end_of_isr                  intrtext    01F9
__end_of_main                 maintext    00F0
__end_of_read_pressure_switch text157     01DF
__tempreg                     (abs)       0020
_adc_delay                    text167     0238
_adc_delay_x                  fnauto0     0026
_adc_delay_y                  fnauto0     0027
_alarm_off                    text158     0260
_alarm_on                     text164     026C
_exit                         init        000F
_heater_off                   text165     0266
_heater_on                    text156     026F
_init_DigIO                   text161     0186
_init_SWTimer                 text160     0133
_init_SWTimer_counter         fnauto0     0021
_init_adc                     text159     0210
_init_timer                   text162     0255
_isr                          intrtext    01DF
_main                         maintext    0037
_pressuresw_Flag              (abs)       007B
_read_pressure_switch         text157     01C3
_read_pressure_switch_ret_val fnauto0     0021
btemp                         (abs)       007E
clear_ram                     clrtext     002F
interrupt_function            intentry    0004
intlevel0                     intentry    0004
intlevel1                     intentry    0004
intlevel2                     intentry    0004
intlevel3                     intentry    0004
intlevel4                     intentry    0004
intlevel5                     intentry    0004
reset_vec                     reset_vec   0000
saved_w                       (abs)       007F
start                         init        000F
